../Core/Src/main.c:135:5:main	8	static
../Core/Src/main.c:244:6:SystemClock_Config	88	static
../Core/Src/main.c:291:13:MX_ADC1_Init	24	static
../Core/Src/main.c:338:13:MX_ADC2_Init	24	static
../Core/Src/main.c:385:13:MX_TIM2_Init	64	static
../Core/Src/main.c:444:13:MX_GPIO_Init	40	static
../Core/Src/main.c:495:11:MAP	24	static
../Core/Src/main.c:492:6:ThrottleInput	32	static
../Core/Src/main.c:521:11:MAP	24	static
../Core/Src/main.c:518:6:BrakeInput	32	static
../Core/Src/main.c:544:6:GearSelection	16	static
../Core/Src/main.c:562:6:DataProcessing	16	static
../Core/Src/main.c:580:6:OutputDisplay	120	static
../Core/Src/main.c:613:6:HAL_TIM_PeriodElapsedCallback	16	static
../Core/Src/main.c:630:6:Error_Handler	4	static,ignoring_inline_asm
