../Core/Src/main.c:152:5:main	8	static
../Core/Src/main.c:261:6:SystemClock_Config	88	static
../Core/Src/main.c:308:13:MX_ADC1_Init	24	static
../Core/Src/main.c:355:13:MX_ADC2_Init	24	static
../Core/Src/main.c:402:13:MX_TIM2_Init	64	static
../Core/Src/main.c:461:13:MX_GPIO_Init	40	static
../Core/Src/main.c:512:11:MAP	24	static
../Core/Src/main.c:509:6:ThrottleInput	32	static
../Core/Src/main.c:542:11:MAP	24	static
../Core/Src/main.c:539:6:BrakeInput	32	static
../Core/Src/main.c:569:6:GearSelection	16	static
../Core/Src/main.c:603:6:DataProcessing	16	static
../Core/Src/main.c:621:6:OutputDisplay	16	static
../Core/Src/main.c:640:6:HAL_TIM_PeriodElapsedCallback	16	static
../Core/Src/main.c:657:6:Error_Handler	4	static,ignoring_inline_asm
