../Core/Src/main.c:132:5:main	8	static
../Core/Src/main.c:238:6:SystemClock_Config	88	static
../Core/Src/main.c:285:13:MX_ADC1_Init	24	static
../Core/Src/main.c:332:13:MX_ADC2_Init	24	static
../Core/Src/main.c:379:13:MX_TIM2_Init	64	static
../Core/Src/main.c:438:13:MX_GPIO_Init	40	static
../Core/Src/main.c:486:6:ThrottleInput	16	static
../Core/Src/main.c:504:6:BreakInput	16	static
../Core/Src/main.c:522:6:GearInput	16	static
../Core/Src/main.c:540:6:DataInput	16	static
../Core/Src/main.c:558:6:DisplayInput	112	static
../Core/Src/main.c:586:6:HAL_TIM_PeriodElapsedCallback	16	static
../Core/Src/main.c:603:6:Error_Handler	4	static,ignoring_inline_asm
