../Core/Src/main.c:98:5:main	8	static
../Core/Src/main.c:141:6:SystemClock_Config	88	static
../Core/Src/main.c:188:13:MX_ADC1_Init	24	static
../Core/Src/main.c:221:13:MX_ADC2_Init	24	static
../Core/Src/main.c:254:13:MX_TIM2_Init	64	static
../Core/Src/main.c:302:13:MX_GPIO_Init	40	static
../Core/Src/main.c:342:11:MAP	24	static
../Core/Src/main.c:339:6:ThrottleInput	32	static
../Core/Src/main.c:364:11:MAP	24	static
../Core/Src/main.c:361:6:BrakeInput	32	static
../Core/Src/main.c:382:6:GearSelection	16	static
../Core/Src/main.c:409:11:MAP	24	static
../Core/Src/main.c:406:6:DataProcessing	32	static
../Core/Src/main.c:518:13:MAP	24	static
../Core/Src/main.c:509:6:OutputDisplay	120	static
../Core/Src/main.c:547:6:HAL_TIM_PeriodElapsedCallback	16	static
../Core/Src/main.c:554:6:Error_Handler	4	static,ignoring_inline_asm
