../Core/Src/main.c:133:5:main	8	static
../Core/Src/main.c:242:6:SystemClock_Config	88	static
../Core/Src/main.c:289:13:MX_ADC1_Init	24	static
../Core/Src/main.c:336:13:MX_ADC2_Init	24	static
../Core/Src/main.c:383:13:MX_TIM2_Init	64	static
../Core/Src/main.c:442:13:MX_GPIO_Init	40	static
../Core/Src/main.c:490:6:ThrottleInput	16	static
../Core/Src/main.c:508:6:BreakInput	16	static
../Core/Src/main.c:526:6:GearInput	16	static
../Core/Src/main.c:544:6:DataInput	24	static
../Core/Src/main.c:574:6:DisplayInput	112	static
../Core/Src/main.c:608:6:HAL_TIM_PeriodElapsedCallback	16	static
../Core/Src/main.c:625:6:Error_Handler	4	static,ignoring_inline_asm
